Microchip MPLAB XC8 Compiler V1.45 ()

Linker command line:

-W-3 --edf=/Applications/microchip/xc8/v1.45/dat/en_msgs.txt -cs \
  -h+dist/default/debug/ChoobController.X.debug.sym \
  --cmf=dist/default/debug/ChoobController.X.debug.cmf -z -Q18F27J13 \
  -o/tmp/xclvmh4oI -Mdist/default/debug/ChoobController.X.debug.map -E1 \
  -ver=XC8 -ASTACK=01C8h-0eafh -pstack=STACK -ACODE=00h-01FFF7h \
  -ACONST=00h-01FFF7h -ASMALLCONST=0F00h-0FFFhx496,01FF00h-01FFF7h \
  -AMEDIUMCONST=0F00h-0FFFFh,010F00h-01FFF7h -ACOMRAM=01h-05Fh \
  -AABS1=00h-0EAFh -ABIGRAM=01h-0EAFh \
  -ARAM=060h-0FFh,0100h-01FFhx13,0E00h-0EAFh -ABANK0=060h-0FFh \
  -ABANK1=0100h-01FFh -ABANK2=0200h-02FFh -ABANK3=0300h-03FFh \
  -ABANK4=0400h-04FFh -ABANK5=0500h-05FFh -ABANK6=0600h-06FFh \
  -ABANK7=0700h-07FFh -ABANK8=0800h-08FFh -ABANK9=0900h-09FFh \
  -ABANK10=0A00h-0AFFh -ABANK11=0B00h-0BFFh -ABANK12=0C00h-0CFFh \
  -ABANK13=0D00h-0DFFh -ABANK14=0E00h-0EAFh \
  -ASFR=0EB0h-0EFFh,0F00h-0F5Fh,0F60h-0FFCh \
  -preset_vec=00h,intcode=08h,intcodelo,powerup,init -pramtop=0F00h \
  -psmallconst=SMALLCONST -pmediumconst=MEDIUMCONST -pconst=CONST \
  -AFARRAM=00h-00h -ACONFIG=01FFF8h-01FFFFh -pconfig=CONFIG \
  -pjflash_buffer=01F800h \
  -prdata=COMRAM,nvrram=COMRAM,nvbit=COMRAM,rbss=COMRAM,rbit=COMRAM \
  -pfarbss=FARRAM,fardata=FARRAM,nvFARRAM=FARRAM \
  -pintsave_regs=BIGRAM,bigbss=BIGRAM,bigdata=BIGRAM -pbss=RAM \
  -pidata=CODE,irdata=CODE,ibigdata=CODE,ifardata=CODE -prparam=COMRAM \
  /tmp/xc8IhumIz.obj dist/default/debug/ChoobController.X.debug.obj 

Object code version is 3.11

Machine type is 18F27J13

Call graph: (short form)




                Name                               Link     Load   Length Selector   Space Scale
/tmp/xc8IhumIz.obj
                init                                 E4       E4        4        4       0
                reset_vec                             0        0        6        0       0
                config                            1FFF8    1FFF8        8    1FFF8       0
dist/default/debug/ChoobController.X.debug.obj
                intcode                               8        8       DC        4       0
                temp                                 4B       4B        1        1       1
                text25                              46A      46A       2C        4       0
                text24                              3E4      3E4       2E        4       0
                text23                              5B6      5B6        2        4       0
                text22                              4E4      4E4       22        4       0
                text21                              506      506       1C        4       0
                text20                              43E      43E       2C        4       0
                text18                              5A4      5A4        E        4       0
                text17                              596      596        E        4       0
                text16                              2E2      2E2       54        4       0
                text15                              53C      53C       16        4       0
                text14                              5B2      5B2        4        4       0
                text13                              552      552       14        4       0
                text12                              336      336       44        4       0
                text11                              588      588        E        4       0
                text10                              37A      37A       3C        4       0
                text9                               522      522       1A        4       0
                text8                               4BE      4BE       26        4       0
                text7                               28C      28C       56        4       0
                text6                               20C      20C       80        4       0
                text5                               412      412       2C        4       0
                text4                               180      180       8C        4       0
                text3                               578      578       10        4       0
                text2                               566      566       12        4       0
                text1                                E8       E8       98        4       0
                text0                               496      496       28        4       0
                cstackCOMRAM                          1        1       37        1       1
                bssBANK1                            100      100       C8      100       1
                bssBANK0                             60       60       80       60       1
                bssCOMRAM                            44       44        7        1       1
                cinit                               3B6      3B6       2E        4       0
                nvCOMRAM                             38       38        C        1       1

TOTAL           Name                               Link     Load   Length     Space
        CLASS   STACK          

        CLASS   CODE           
                intcode                               8        8       DC         0
                init                                 E4       E4        4         0
                reset_vec                             0        0        6         0
                text25                              46A      46A       2C         0
                text24                              3E4      3E4       2E         0
                text23                              5B6      5B6        2         0
                text22                              4E4      4E4       22         0
                text21                              506      506       1C         0
                text20                              43E      43E       2C         0
                text18                              5A4      5A4        E         0
                text17                              596      596        E         0
                text16                              2E2      2E2       54         0
                text15                              53C      53C       16         0
                text14                              5B2      5B2        4         0
                text13                              552      552       14         0
                text12                              336      336       44         0
                text11                              588      588        E         0
                text10                              37A      37A       3C         0
                text9                               522      522       1A         0
                text8                               4BE      4BE       26         0
                text7                               28C      28C       56         0
                text6                               20C      20C       80         0
                text5                               412      412       2C         0
                text4                               180      180       8C         0
                text3                               578      578       10         0
                text2                               566      566       12         0
                text1                                E8       E8       98         0
                text0                               496      496       28         0
                cinit                               3B6      3B6       2E         0

        CLASS   CONST          

        CLASS   SMALLCONST     

        CLASS   MEDIUMCONST    

        CLASS   COMRAM         
                temp                                 4B       4B        1         1
                cstackCOMRAM                          1        1       37         1
                bssCOMRAM                            44       44        7         1
                nvCOMRAM                             38       38        C         1

        CLASS   ABS1           

        CLASS   BIGRAM         

        CLASS   RAM            

        CLASS   BANK0          
                bssBANK0                             60       60       80         1

        CLASS   BANK1          
                bssBANK1                            100      100       C8         1

        CLASS   BANK2          

        CLASS   BANK3          

        CLASS   BANK4          

        CLASS   BANK5          

        CLASS   BANK6          

        CLASS   BANK7          

        CLASS   BANK8          

        CLASS   BANK9          

        CLASS   BANK10         

        CLASS   BANK11         

        CLASS   BANK12         

        CLASS   BANK13         

        CLASS   BANK14         

        CLASS   SFR            

        CLASS   FARRAM         

        CLASS   CONFIG         
                config                            1FFF8    1FFF8        8         0

        CLASS   IDLOC          



SEGMENTS        Name                           Load    Length   Top    Selector   Space  Class

                reset_vec                      000000  000006  000006         0       0  CODE    
                cstackCOMRAM                   000001  00004B  00004C         1       1  COMRAM  
                intcode                        000008  0005B0  0005B8         4       0  CODE    
                bssBANK0                       000060  000080  0000E0        60       1  BANK0   
                bssBANK1                       000100  0000C8  0001C8       100       1  BANK1   
                config                         01FFF8  000008  020000     1FFF8       0  CONFIG  


UNUSED ADDRESS RANGES

        Name                Unused          Largest block    Delta
        BANK0            000E0-000FF              20
        BANK1            001C8-001FF              38
        BANK10           00A00-00AFF             100
        BANK11           00B00-00BFF             100
        BANK12           00C00-00CFF             100
        BANK13           00D00-00DFF             100
        BANK14           00E00-00EAF              B0
        BANK2            00200-002FF             100
        BANK3            00300-003FF             100
        BANK4            00400-004FF             100
        BANK5            00500-005FF             100
        BANK6            00600-006FF             100
        BANK7            00700-007FF             100
        BANK8            00800-008FF             100
        BANK9            00900-009FF             100
        BIGRAM           0004C-0005F              14
                         000E0-000FF              20
                         001C8-00EAF             CE8
        CODE             00006-00007               2
                         005B8-1FFF7           1FA40
        COMRAM           0004C-0005F              14
        CONST            00006-00007               2
                         005B8-1FFF7           1FA40
        MEDIUMCONST      00F00-0FFFF            F100
                         10F00-1FFF7            F0F8
        RAM              000E0-000FF              20
                         001C8-00EAF             100
        SFR              00EB0-00FFC              60
        SMALLCONST       00F00-1FFF7             100
        STACK            001C8-00EAF             CE8

                                  Symbol Table

?___wmul                                       cstackCOMRAM  00015
EUSART1_SetRxInterruptHandler@interruptHandler cstackCOMRAM  00015
EUSART1_SetTxInterruptHandler@interruptHandler cstackCOMRAM  00015
EUSART2_Write@txData                           cstackCOMRAM  00015
TMR1_ISR@CountCallBack                         bssCOMRAM     00044
TMR1_SetInterruptHandler@InterruptHandler      cstackCOMRAM  00015
TMR1_WriteTimer@timerVal                       cstackCOMRAM  00001
_ANCON0                                        (abs)         00F48
_ANCON1                                        (abs)         00F49
_BAUDCON1                                      (abs)         00F7E
_BAUDCON2                                      (abs)         00F7C
_EUSART1_Initialize                            text16        002E2
_EUSART1_Receive_ISR                           text25        0046A
_EUSART1_RxDefaultInterruptHandler             nvCOMRAM      0003B
_EUSART1_SetRxInterruptHandler                 text18        005A4
_EUSART1_SetTxInterruptHandler                 text17        00596
_EUSART1_Transmit_ISR                          text24        003E4
_EUSART1_TxDefaultInterruptHandler             nvCOMRAM      0003E
_EUSART2_Initialize                            text15        0053C
_EUSART2_Write                                 text3         00578
_EUSART2_is_tx_ready                           text2         00566
_EUSART2_is_tx_ready$480                       cstackCOMRAM  00015
_Frame                                         bssBANK1      00100
_INTCON2bits                                   (abs)         00FF1
_INTCONbits                                    (abs)         00FF2
_INTERRUPT_Initialize                          text14        005B2
_INTERRUPT_InterruptManager                    intcode       00008
_LATA                                          (abs)         00F89
_LATB                                          (abs)         00F8A
_LATBbits                                      (abs)         00F8A
_LATC                                          (abs)         00F8B
_ODCON1                                        (abs)         00F42
_ODCON2                                        (abs)         00F41
_ODCON3                                        (abs)         00F40
_OSCCON                                        (abs)         00FD3
_OSCCON2                                       (abs)         00F87
_OSCILLATOR_Initialize                         text13        00552
_OSCTUNE                                       (abs)         00F9B
_PIE1bits                                      (abs)         00F9D
_PIN_MANAGER_Initialize                        text12        00336
_PIR1bits                                      (abs)         00F9E
_PIR3bits                                      (abs)         00FA4
_RCONbits                                      (abs)         00FD0
_RCREG1                                        (abs)         00FAF
_RCREG2                                        (abs)         00FAA
_RCSTA1                                        (abs)         00FAC
_RCSTA1bits                                    (abs)         00FAC
_RCSTA2                                        (abs)         00F9C
_RCSTA2bits                                    (abs)         00F9C
_REFOCON                                       (abs)         00F3D
_RPINR16                                       (abs)         00EF7
_RPINR17                                       (abs)         00EF8
_RPOR15                                        (abs)         00ECF
_RPOR16                                        (abs)         00ED0
_SPBRG1                                        (abs)         00FB0
_SPBRG2                                        (abs)         00FAB
_SPBRGH1                                       (abs)         00F7F
_SPBRGH2                                       (abs)         00F7D
_SYSTEM_Initialize                             text9         00522
_T1CON                                         (abs)         00FCD
_T1CONbits                                     (abs)         00FCD
_T1GCON                                        (abs)         00F9A
_T1GCONbits                                    (abs)         00F9A
_TMR1H                                         (abs)         00FCF
_TMR1L                                         (abs)         00FCE
_TMR1_CallBack                                 text22        004E4
_TMR1_DefaultInterruptHandler                  text23        005B6
_TMR1_ISR                                      text20        0043E
_TMR1_Initialize                               text10        0037A
_TMR1_InterruptHandler                         nvCOMRAM      00038
_TMR1_SetInterruptHandler                      text11        00588
_TMR1_WriteTimer                               text21        00506
_TRISA                                         (abs)         00F92
_TRISB                                         (abs)         00F93
_TRISC                                         (abs)         00F94
_TXREG1                                        (abs)         00FAE
_TXREG2                                        (abs)         00FA9
_TXSTA1                                        (abs)         00FAD
_TXSTA1bits                                    (abs)         00FAD
_TXSTA2                                        (abs)         00FA8
_TXSTA2bits                                    (abs)         00FA8
__CFG_ADCSEL$BIT10                             (abs)         00000
__CFG_CFGPLLEN$ON                              (abs)         00000
__CFG_CLKOEC$OFF                               (abs)         00000
__CFG_CP0$OFF                                  (abs)         00000
__CFG_DSBOREN$ON                               (abs)         00000
__CFG_DSWDTEN$ON                               (abs)         00000
__CFG_DSWDTOSC$INTOSCREF                       (abs)         00000
__CFG_DSWDTPS$G2                               (abs)         00000
__CFG_FCMEN$ON                                 (abs)         00000
__CFG_IESO$ON                                  (abs)         00000
__CFG_IOL1WAY$ON                               (abs)         00000
__CFG_MSSP7B_EN$MSK7                           (abs)         00000
__CFG_OSC$INTOSCPLL                            (abs)         00000
__CFG_PLLDIV$1                                 (abs)         00000
__CFG_PLLSEL$PLL4X                             (abs)         00000
__CFG_RTCOSC$T1OSCREF                          (abs)         00000
__CFG_SOSCSEL$DIG                              (abs)         00000
__CFG_STVREN$ON                                (abs)         00000
__CFG_WDTEN$OFF                                (abs)         00000
__CFG_WDTPS$32768                              (abs)         00000
__CFG_WPCFG$OFF                                (abs)         00000
__CFG_WPDIS$OFF                                (abs)         00000
__CFG_WPEND$PAGE_WPFP                          (abs)         00000
__CFG_WPFP$PAGE_127                            (abs)         00000
__CFG_XINST$OFF                                (abs)         00000
__HRAM                                         (abs)         00000
__Habs1                                        abs1          00000
__Hbank0                                       bank0         00000
__Hbank1                                       bank1         00000
__Hbank10                                      bank10        00000
__Hbank11                                      bank11        00000
__Hbank12                                      bank12        00000
__Hbank13                                      bank13        00000
__Hbank14                                      bank14        00000
__Hbank2                                       bank2         00000
__Hbank3                                       bank3         00000
__Hbank4                                       bank4         00000
__Hbank5                                       bank5         00000
__Hbank6                                       bank6         00000
__Hbank7                                       bank7         00000
__Hbank8                                       bank8         00000
__Hbank9                                       bank9         00000
__Hbigbss                                      bigbss        00000
__Hbigdata                                     bigdata       00000
__Hbigram                                      bigram        00000
__Hbss                                         bss           00000
__HbssBANK0                                    bssBANK0      00000
__HbssBANK1                                    bssBANK1      00000
__HbssCOMRAM                                   bssCOMRAM     00000
__Hcinit                                       cinit         00000
__Hclrtext                                     clrtext       00000
__Hcomram                                      comram        00000
__Hconfig                                      config        20000
__Hconst                                       const         00000
__HcstackCOMRAM                                cstackCOMRAM  00000
__Hdata                                        data          00000
__Hfarbss                                      farbss        00000
__Hfardata                                     fardata       00000
__Hibigdata                                    ibigdata      00000
__Hidata                                       idata         00000
__Hidloc                                       idloc         00000
__Hifardata                                    ifardata      00000
__Hinit                                        init          000E8
__Hintcode                                     intcode       000E4
__Hintcode_body                                intcode_body  00000
__Hintcodelo                                   intcodelo     000E4
__Hintentry                                    intentry      00000
__Hintret                                      intret        00000
__Hintsave_regs                                intsave_regs  00000
__Hirdata                                      irdata        00000
__Hjflash_buffer                               jflash_buffer 1F800
__Hmediumconst                                 mediumconst   00000
__HnvCOMRAM                                    nvCOMRAM      00000
__HnvFARRAM                                    nvFARRAM      00000
__Hnvbit                                       nvbit         00000
__Hnvrram                                      nvrram        00000
__Hparam                                       rparam        00000
__Hpowerup                                     powerup       000E4
__Hram                                         ram           00000
__Hramtop                                      ramtop        00F00
__Hrbit                                        rbit          00000
__Hrbss                                        rbss          00000
__Hrdata                                       rdata         00000
__Hreset_vec                                   reset_vec     00006
__Hrparam                                      rparam        00000
__Hsfr                                         sfr           00000
__Hsmallconst                                  smallconst    00000
__Hspace_0                                     (abs)         20000
__Hspace_1                                     (abs)         001C8
__Hspace_2                                     (abs)         00000
__Hstack                                       stack         00000
__Hstruct                                      struct        00000
__Htemp                                        temp          0004C
__Htext                                        text          00000
__Htext0                                       text0         00000
__Htext1                                       text1         00000
__Htext10                                      text10        00000
__Htext11                                      text11        00000
__Htext12                                      text12        00000
__Htext13                                      text13        00000
__Htext14                                      text14        00000
__Htext15                                      text15        00000
__Htext16                                      text16        00000
__Htext17                                      text17        00000
__Htext18                                      text18        00000
__Htext2                                       text2         00000
__Htext20                                      text20        00000
__Htext21                                      text21        00000
__Htext22                                      text22        00000
__Htext23                                      text23        00000
__Htext24                                      text24        00000
__Htext25                                      text25        00000
__Htext26                                      text26        00000
__Htext3                                       text3         00000
__Htext4                                       text4         00000
__Htext5                                       text5         00000
__Htext6                                       text6         00000
__Htext7                                       text7         00000
__Htext8                                       text8         00000
__Htext9                                       text9         00000
__LRAM                                         (abs)         00001
__Labs1                                        abs1          00000
__Lbank0                                       bank0         00000
__Lbank1                                       bank1         00000
__Lbank10                                      bank10        00000
__Lbank11                                      bank11        00000
__Lbank12                                      bank12        00000
__Lbank13                                      bank13        00000
__Lbank14                                      bank14        00000
__Lbank2                                       bank2         00000
__Lbank3                                       bank3         00000
__Lbank4                                       bank4         00000
__Lbank5                                       bank5         00000
__Lbank6                                       bank6         00000
__Lbank7                                       bank7         00000
__Lbank8                                       bank8         00000
__Lbank9                                       bank9         00000
__Lbigbss                                      bigbss        00000
__Lbigdata                                     bigdata       00000
__Lbigram                                      bigram        00000
__Lbss                                         bss           00000
__LbssBANK0                                    bssBANK0      00000
__LbssBANK1                                    bssBANK1      00000
__LbssCOMRAM                                   bssCOMRAM     00000
__Lcinit                                       cinit         00000
__Lclrtext                                     clrtext       00000
__Lcomram                                      comram        00000
__Lconfig                                      config        1FFF8
__Lconst                                       const         00000
__LcstackCOMRAM                                cstackCOMRAM  00000
__Ldata                                        data          00000
__Lfarbss                                      farbss        00000
__Lfardata                                     fardata       00000
__Libigdata                                    ibigdata      00000
__Lidata                                       idata         00000
__Lidloc                                       idloc         00000
__Lifardata                                    ifardata      00000
__Linit                                        init          000E4
__Lintcode                                     intcode       00008
__Lintcode_body                                intcode_body  00000
__Lintcodelo                                   intcodelo     000E4
__Lintentry                                    intentry      00000
__Lintret                                      intret        00000
__Lintsave_regs                                intsave_regs  00000
__Lirdata                                      irdata        00000
__Ljflash_buffer                               jflash_buffer 1F800
__Lmediumconst                                 mediumconst   00000
__LnvCOMRAM                                    nvCOMRAM      00000
__LnvFARRAM                                    nvFARRAM      00000
__Lnvbit                                       nvbit         00000
__Lnvrram                                      nvrram        00000
__Lparam                                       rparam        00000
__Lpowerup                                     powerup       000E4
__Lram                                         ram           00000
__Lramtop                                      ramtop        00F00
__Lrbit                                        rbit          00000
__Lrbss                                        rbss          00000
__Lrdata                                       rdata         00000
__Lreset_vec                                   reset_vec     00000
__Lrparam                                      rparam        00000
__Lsfr                                         sfr           00000
__Lsmallconst                                  smallconst    00000
__Lspace_0                                     (abs)         00000
__Lspace_1                                     (abs)         00000
__Lspace_2                                     (abs)         00000
__Lstack                                       stack         00000
__Lstruct                                      struct        00000
__Ltemp                                        temp          0004B
__Ltext                                        text          00000
__Ltext0                                       text0         00000
__Ltext1                                       text1         00000
__Ltext10                                      text10        00000
__Ltext11                                      text11        00000
__Ltext12                                      text12        00000
__Ltext13                                      text13        00000
__Ltext14                                      text14        00000
__Ltext15                                      text15        00000
__Ltext16                                      text16        00000
__Ltext17                                      text17        00000
__Ltext18                                      text18        00000
__Ltext2                                       text2         00000
__Ltext20                                      text20        00000
__Ltext21                                      text21        00000
__Ltext22                                      text22        00000
__Ltext23                                      text23        00000
__Ltext24                                      text24        00000
__Ltext25                                      text25        00000
__Ltext26                                      text26        00000
__Ltext3                                       text3         00000
__Ltext4                                       text4         00000
__Ltext5                                       text5         00000
__Ltext6                                       text6         00000
__Ltext7                                       text7         00000
__Ltext8                                       text8         00000
__Ltext9                                       text9         00000
__S0                                           (abs)         20000
__S1                                           (abs)         001C8
__S2                                           (abs)         00000
___inthi_sp                                    stack         00000
___intlo_sp                                    stack         00000
___param_bank                                  (abs)         00000
___rparam_used                                 (abs)         00001
___sp                                          stack         00000
___wmul                                        text8         004BE
___wmul@multiplicand                           cstackCOMRAM  00017
___wmul@multiplier                             cstackCOMRAM  00015
___wmul@product                                cstackCOMRAM  00019
__accesstop                                    (abs)         00060
__activetblptr                                 (abs)         00003
__end_of_EUSART1_Initialize                    text16        00336
__end_of_EUSART1_Receive_ISR                   text25        00496
__end_of_EUSART1_SetRxInterruptHandler         text18        005B2
__end_of_EUSART1_SetTxInterruptHandler         text17        005A4
__end_of_EUSART1_Transmit_ISR                  text24        00412
__end_of_EUSART2_Initialize                    text15        00552
__end_of_EUSART2_Write                         text3         00588
__end_of_EUSART2_is_tx_ready                   text2         00578
__end_of_INTERRUPT_Initialize                  text14        005B6
__end_of_INTERRUPT_InterruptManager            intcode       000E4
__end_of_OSCILLATOR_Initialize                 text13        00566
__end_of_PIN_MANAGER_Initialize                text12        0037A
__end_of_SYSTEM_Initialize                     text9         0053C
__end_of_TMR1_CallBack                         text22        00506
__end_of_TMR1_DefaultInterruptHandler          text23        005B8
__end_of_TMR1_ISR                              text20        0046A
__end_of_TMR1_Initialize                       text10        003B6
__end_of_TMR1_SetInterruptHandler              text11        00596
__end_of_TMR1_WriteTimer                       text21        00522
__end_of___wmul                                text8         004E4
__end_of__initialization                       cinit         003DA
__end_of_frame_init                            text4         0020C
__end_of_loadFrame                             text6         0028C
__end_of_main                                  text0         004BE
__end_of_memcpy                                text7         002E2
__end_of_memset                                text5         0043E
__end_of_send_data                             text1         00180
__initialization                               cinit         003B6
__mediumconst                                  mediumconst   00000
__pbssBANK0                                    bssBANK0      00060
__pbssBANK1                                    bssBANK1      00100
__pbssCOMRAM                                   bssCOMRAM     00044
__pcinit                                       cinit         003B6
__pcstackCOMRAM                                cstackCOMRAM  00001
__pintcode                                     intcode       00008
__pnvCOMRAM                                    nvCOMRAM      00038
__ptext0                                       text0         00496
__ptext1                                       text1         000E8
__ptext10                                      text10        0037A
__ptext11                                      text11        00588
__ptext12                                      text12        00336
__ptext13                                      text13        00552
__ptext14                                      text14        005B2
__ptext15                                      text15        0053C
__ptext16                                      text16        002E2
__ptext17                                      text17        00596
__ptext18                                      text18        005A4
__ptext2                                       text2         00566
__ptext20                                      text20        0043E
__ptext21                                      text21        00506
__ptext22                                      text22        004E4
__ptext23                                      text23        005B6
__ptext24                                      text24        003E4
__ptext25                                      text25        0046A
__ptext26                                      text26        00000
__ptext3                                       text3         00578
__ptext4                                       text4         00180
__ptext5                                       text5         00412
__ptext6                                       text6         0020C
__ptext7                                       text7         0028C
__ptext8                                       text8         004BE
__ptext9                                       text9         00522
__ramtop                                       ramtop        00F00
__size_of_EUSART1_Initialize                   (abs)         00000
__size_of_EUSART1_Receive_ISR                  (abs)         00000
__size_of_EUSART1_SetRxInterruptHandler        (abs)         00000
__size_of_EUSART1_SetTxInterruptHandler        (abs)         00000
__size_of_EUSART1_Transmit_ISR                 (abs)         00000
__size_of_EUSART2_Initialize                   (abs)         00000
__size_of_EUSART2_Write                        (abs)         00000
__size_of_EUSART2_is_tx_ready                  (abs)         00000
__size_of_INTERRUPT_Initialize                 (abs)         00000
__size_of_INTERRUPT_InterruptManager           (abs)         00000
__size_of_OSCILLATOR_Initialize                (abs)         00000
__size_of_PIN_MANAGER_Initialize               (abs)         00000
__size_of_SYSTEM_Initialize                    (abs)         00000
__size_of_TMR1_CallBack                        (abs)         00000
__size_of_TMR1_DefaultInterruptHandler         (abs)         00000
__size_of_TMR1_ISR                             (abs)         00000
__size_of_TMR1_Initialize                      (abs)         00000
__size_of_TMR1_SetInterruptHandler             (abs)         00000
__size_of_TMR1_WriteTimer                      (abs)         00000
__size_of___wmul                               (abs)         00000
__size_of_frame_init                           (abs)         00000
__size_of_loadFrame                            (abs)         00000
__size_of_main                                 (abs)         00000
__size_of_memcpy                               (abs)         00000
__size_of_memset                               (abs)         00000
__size_of_send_data                            (abs)         00000
__smallconst                                   smallconst    00000
_eusart1RxBuffer                               bssBANK0      00060
_eusart1RxCount                                bssCOMRAM     00046
_eusart1RxHead                                 bssCOMRAM     00048
_eusart1RxTail                                 bssCOMRAM     00047
_eusart1TxBuffer                               bssBANK0      000A0
_eusart1TxBufferRemaining                      nvCOMRAM      00043
_eusart1TxHead                                 bssCOMRAM     0004A
_eusart1TxTail                                 bssCOMRAM     00049
_frame_init                                    text4         00180
_loadFrame                                     text6         0020C
_main                                          text0         00496
_memcpy                                        text7         0028C
_memset                                        text5         00412
_send_data                                     text1         000E8
_timer1ReloadVal                               nvCOMRAM      00041
btemp                                          temp          0004B
end_of_initialization                          cinit         003DA
frame_init@i                                   cstackCOMRAM  0002D
frame_init@j                                   cstackCOMRAM  0002F
int$flags                                      temp          0004B
intlevel0                                      text          00000
intlevel1                                      text          00000
intlevel2                                      text          00000
intlevel3                                      text          00000
loadFrame@i                                    cstackCOMRAM  0002B
memcpy@d                                       cstackCOMRAM  00025
memcpy@d1                                      cstackCOMRAM  0001B
memcpy@n                                       cstackCOMRAM  00020
memcpy@s                                       cstackCOMRAM  00022
memcpy@s1                                      cstackCOMRAM  0001D
memcpy@tmp                                     cstackCOMRAM  00027
memset@c                                       cstackCOMRAM  00017
memset@n                                       cstackCOMRAM  00019
memset@p                                       cstackCOMRAM  0001B
memset@p1                                      cstackCOMRAM  00015
send_data@col                                  cstackCOMRAM  0001D
send_data@row                                  cstackCOMRAM  0001F
stackhi                                        (abs)         00EAF
stacklo                                        (abs)         001C8
start                                          init          000E4
start_initialization                           cinit         003B6
wtemp6                                         temp          0004C


FUNCTION INFORMATION:

 *************** function _main *****************
 Defined at:
		line 73 in file "main.c"
 Parameters:    Size  Location     Type
  argc            2   48[COMRAM] int 
  argv            3   50[COMRAM] PTR PTR unsigned char 
 Auto vars:     Size  Location     Type
		None
 Return value:  Size  Location     Type
                  2   48[COMRAM] int 
 Registers used:
		wreg, fsr2l, fsr2h, status,2, status,0, tblptrl, tblptrh, tblptru, prodl, prodh, cstack
 Tracked objects:
		On entry : 
		On exit  : 
		Unchanged: 
 Data sizes:     COMRAM   BANK0   BANK1   BANK2   BANK3   BANK4   BANK5   BANK6   BANK7   BANK8   BANK9  BANK10  BANK11  BANK12  BANK13  BANK14
      Params:         5       0       0       0       0       0       0       0       0       0       0       0       0       0       0       0
      Locals:         0       0       0       0       0       0       0       0       0       0       0       0       0       0       0       0
      Temps:          2       0       0       0       0       0       0       0       0       0       0       0       0       0       0       0
      Totals:         7       0       0       0       0       0       0       0       0       0       0       0       0       0       0       0
Total ram usage:        7 bytes
 Hardware stack levels required when called:    7
 This function calls:
		_SYSTEM_Initialize
		_frame_init
		_send_data
 This function is called by:
		Startup code after reset
 This function uses a non-reentrant model


 *************** function _send_data *****************
 Defined at:
		line 50 in file "main.c"
 Parameters:    Size  Location     Type
		None
 Auto vars:     Size  Location     Type
  col             2   28[COMRAM] int 
  row             2   30[COMRAM] int 
 Return value:  Size  Location     Type
                  1    wreg      void 
 Registers used:
		wreg, fsr2l, fsr2h, status,2, status,0, prodl, prodh, cstack
 Tracked objects:
		On entry : 
		On exit  : 
		Unchanged: 
 Data sizes:     COMRAM   BANK0   BANK1   BANK2   BANK3   BANK4   BANK5   BANK6   BANK7   BANK8   BANK9  BANK10  BANK11  BANK12  BANK13  BANK14
      Params:         0       0       0       0       0       0       0       0       0       0       0       0       0       0       0       0
      Locals:         4       0       0       0       0       0       0       0       0       0       0       0       0       0       0       0
      Temps:          2       0       0       0       0       0       0       0       0       0       0       0       0       0       0       0
      Totals:         6       0       0       0       0       0       0       0       0       0       0       0       0       0       0       0
Total ram usage:        6 bytes
 Hardware stack levels used:    1
 Hardware stack levels required when called:    5
 This function calls:
		_EUSART2_Write
		_EUSART2_is_tx_ready
		___wmul
 This function is called by:
		_main
 This function uses a non-reentrant model


 *************** function _EUSART2_is_tx_ready *****************
 Defined at:
		line 78 in file "mcc_generated_files/eusart2.c"
 Parameters:    Size  Location     Type
		None
 Auto vars:     Size  Location     Type
		None
 Return value:  Size  Location     Type
                  1    wreg      unsigned char 
 Registers used:
		wreg, status,2
 Tracked objects:
		On entry : 
		On exit  : 
		Unchanged: 
 Data sizes:     COMRAM   BANK0   BANK1   BANK2   BANK3   BANK4   BANK5   BANK6   BANK7   BANK8   BANK9  BANK10  BANK11  BANK12  BANK13  BANK14
      Params:         0       0       0       0       0       0       0       0       0       0       0       0       0       0       0       0
      Locals:         1       0       0       0       0       0       0       0       0       0       0       0       0       0       0       0
      Temps:          0       0       0       0       0       0       0       0       0       0       0       0       0       0       0       0
      Totals:         1       0       0       0       0       0       0       0       0       0       0       0       0       0       0       0
Total ram usage:        1 bytes
 Hardware stack levels used:    1
 Hardware stack levels required when called:    4
 This function calls:
		Nothing
 This function is called by:
		_send_data
 This function uses a non-reentrant model


 *************** function _EUSART2_Write *****************
 Defined at:
		line 112 in file "mcc_generated_files/eusart2.c"
 Parameters:    Size  Location     Type
  txData          1    wreg     unsigned char 
 Auto vars:     Size  Location     Type
  txData          1   20[COMRAM] unsigned char 
 Return value:  Size  Location     Type
                  1    wreg      void 
 Registers used:
		wreg
 Tracked objects:
		On entry : 
		On exit  : 
		Unchanged: 
 Data sizes:     COMRAM   BANK0   BANK1   BANK2   BANK3   BANK4   BANK5   BANK6   BANK7   BANK8   BANK9  BANK10  BANK11  BANK12  BANK13  BANK14
      Params:         0       0       0       0       0       0       0       0       0       0       0       0       0       0       0       0
      Locals:         1       0       0       0       0       0       0       0       0       0       0       0       0       0       0       0
      Temps:          0       0       0       0       0       0       0       0       0       0       0       0       0       0       0       0
      Totals:         1       0       0       0       0       0       0       0       0       0       0       0       0       0       0       0
Total ram usage:        1 bytes
 Hardware stack levels used:    1
 Hardware stack levels required when called:    4
 This function calls:
		Nothing
 This function is called by:
		_send_data
 This function uses a non-reentrant model


 *************** function _frame_init *****************
 Defined at:
		line 36 in file "main.c"
 Parameters:    Size  Location     Type
		None
 Auto vars:     Size  Location     Type
  j               2   46[COMRAM] int 
  i               2   44[COMRAM] int 
 Return value:  Size  Location     Type
                  1    wreg      void 
 Registers used:
		wreg, fsr2l, fsr2h, status,2, status,0, tblptrl, tblptrh, tblptru, prodl, prodh, cstack
 Tracked objects:
		On entry : 
		On exit  : 
		Unchanged: 
 Data sizes:     COMRAM   BANK0   BANK1   BANK2   BANK3   BANK4   BANK5   BANK6   BANK7   BANK8   BANK9  BANK10  BANK11  BANK12  BANK13  BANK14
      Params:         0       0       0       0       0       0       0       0       0       0       0       0       0       0       0       0
      Locals:         4       0       0       0       0       0       0       0       0       0       0       0       0       0       0       0
      Temps:          0       0       0       0       0       0       0       0       0       0       0       0       0       0       0       0
      Totals:         4       0       0       0       0       0       0       0       0       0       0       0       0       0       0       0
Total ram usage:        4 bytes
 Hardware stack levels used:    1
 Hardware stack levels required when called:    6
 This function calls:
		___wmul
		_loadFrame
		_memset
 This function is called by:
		_main
 This function uses a non-reentrant model


 *************** function _memset *****************
 Defined at:
		line 8 in file "/Applications/microchip/xc8/v1.45/sources/common/memset.c"
 Parameters:    Size  Location     Type
  p1              2   20[COMRAM] PTR void 
		 -> Frame(200), 
  c               2   22[COMRAM] int 
  n               2   24[COMRAM] unsigned int 
 Auto vars:     Size  Location     Type
  p               2   26[COMRAM] PTR unsigned char 
		 -> Frame(200), 
 Return value:  Size  Location     Type
                  2   20[COMRAM] PTR void 
 Registers used:
		wreg, fsr2l, fsr2h, status,2, status,0
 Tracked objects:
		On entry : 
		On exit  : 
		Unchanged: 
 Data sizes:     COMRAM   BANK0   BANK1   BANK2   BANK3   BANK4   BANK5   BANK6   BANK7   BANK8   BANK9  BANK10  BANK11  BANK12  BANK13  BANK14
      Params:         6       0       0       0       0       0       0       0       0       0       0       0       0       0       0       0
      Locals:         2       0       0       0       0       0       0       0       0       0       0       0       0       0       0       0
      Temps:          0       0       0       0       0       0       0       0       0       0       0       0       0       0       0       0
      Totals:         8       0       0       0       0       0       0       0       0       0       0       0       0       0       0       0
Total ram usage:        8 bytes
 Hardware stack levels used:    1
 Hardware stack levels required when called:    4
 This function calls:
		Nothing
 This function is called by:
		_frame_init
 This function uses a non-reentrant model


 *************** function _loadFrame *****************
 Defined at:
		line 28 in file "main.c"
 Parameters:    Size  Location     Type
		None
 Auto vars:     Size  Location     Type
  i               2   42[COMRAM] int 
 Return value:  Size  Location     Type
                  1    wreg      void 
 Registers used:
		wreg, fsr2l, fsr2h, status,2, status,0, tblptrl, tblptrh, tblptru, prodl, prodh, cstack
 Tracked objects:
		On entry : 
		On exit  : 
		Unchanged: 
 Data sizes:     COMRAM   BANK0   BANK1   BANK2   BANK3   BANK4   BANK5   BANK6   BANK7   BANK8   BANK9  BANK10  BANK11  BANK12  BANK13  BANK14
      Params:         0       0       0       0       0       0       0       0       0       0       0       0       0       0       0       0
      Locals:         2       0       0       0       0       0       0       0       0       0       0       0       0       0       0       0
      Temps:          3       0       0       0       0       0       0       0       0       0       0       0       0       0       0       0
      Totals:         5       0       0       0       0       0       0       0       0       0       0       0       0       0       0       0
Total ram usage:        5 bytes
 Hardware stack levels used:    1
 Hardware stack levels required when called:    5
 This function calls:
		___wmul
		_memcpy
 This function is called by:
		_frame_init
 This function uses a non-reentrant model


 *************** function _memcpy *****************
 Defined at:
		line 27 in file "/Applications/microchip/xc8/v1.45/sources/common/memcpy.c"
 Parameters:    Size  Location     Type
  d1              2   26[COMRAM] PTR void 
		 -> Frame.out_buf(100), Frame(200), 
  s1              3   28[COMRAM] PTR const void 
		 -> ROM(131063), 
  n               2   31[COMRAM] unsigned int 
 Auto vars:     Size  Location     Type
  s               3   33[COMRAM] PTR const unsigned char 
		 -> ROM(131063), 
  d               2   36[COMRAM] PTR unsigned char 
		 -> Frame.out_buf(100), Frame(200), 
  tmp             1   38[COMRAM] unsigned char 
 Return value:  Size  Location     Type
                  2   26[COMRAM] PTR void 
 Registers used:
		wreg, fsr2l, fsr2h, status,2, status,0, tblptrl, tblptrh, tblptru
 Tracked objects:
		On entry : 
		On exit  : 
		Unchanged: 
 Data sizes:     COMRAM   BANK0   BANK1   BANK2   BANK3   BANK4   BANK5   BANK6   BANK7   BANK8   BANK9  BANK10  BANK11  BANK12  BANK13  BANK14
      Params:         7       0       0       0       0       0       0       0       0       0       0       0       0       0       0       0
      Locals:         6       0       0       0       0       0       0       0       0       0       0       0       0       0       0       0
      Temps:          0       0       0       0       0       0       0       0       0       0       0       0       0       0       0       0
      Totals:        13       0       0       0       0       0       0       0       0       0       0       0       0       0       0       0
Total ram usage:       13 bytes
 Hardware stack levels used:    1
 Hardware stack levels required when called:    4
 This function calls:
		Nothing
 This function is called by:
		_loadFrame
 This function uses a non-reentrant model


 *************** function ___wmul *****************
 Defined at:
		line 15 in file "/Applications/microchip/xc8/v1.45/sources/common/Umul16.c"
 Parameters:    Size  Location     Type
  multiplier      2   20[COMRAM] unsigned int 
  multiplicand    2   22[COMRAM] unsigned int 
 Auto vars:     Size  Location     Type
  product         2   24[COMRAM] unsigned int 
 Return value:  Size  Location     Type
                  2   20[COMRAM] unsigned int 
 Registers used:
		wreg, status,2, status,0, prodl, prodh
 Tracked objects:
		On entry : 
		On exit  : 
		Unchanged: 
 Data sizes:     COMRAM   BANK0   BANK1   BANK2   BANK3   BANK4   BANK5   BANK6   BANK7   BANK8   BANK9  BANK10  BANK11  BANK12  BANK13  BANK14
      Params:         4       0       0       0       0       0       0       0       0       0       0       0       0       0       0       0
      Locals:         2       0       0       0       0       0       0       0       0       0       0       0       0       0       0       0
      Temps:          0       0       0       0       0       0       0       0       0       0       0       0       0       0       0       0
      Totals:         6       0       0       0       0       0       0       0       0       0       0       0       0       0       0       0
Total ram usage:        6 bytes
 Hardware stack levels used:    1
 Hardware stack levels required when called:    4
 This function calls:
		Nothing
 This function is called by:
		_loadFrame
		_frame_init
		_send_data
 This function uses a non-reentrant model


 *************** function _SYSTEM_Initialize *****************
 Defined at:
		line 50 in file "mcc_generated_files/mcc.c"
 Parameters:    Size  Location     Type
		None
 Auto vars:     Size  Location     Type
		None
 Return value:  Size  Location     Type
                  1    wreg      void 
 Registers used:
		wreg, status,2, status,0, cstack
 Tracked objects:
		On entry : 
		On exit  : 
		Unchanged: 
 Data sizes:     COMRAM   BANK0   BANK1   BANK2   BANK3   BANK4   BANK5   BANK6   BANK7   BANK8   BANK9  BANK10  BANK11  BANK12  BANK13  BANK14
      Params:         0       0       0       0       0       0       0       0       0       0       0       0       0       0       0       0
      Locals:         0       0       0       0       0       0       0       0       0       0       0       0       0       0       0       0
      Temps:          0       0       0       0       0       0       0       0       0       0       0       0       0       0       0       0
      Totals:         0       0       0       0       0       0       0       0       0       0       0       0       0       0       0       0
Total ram usage:        0 bytes
 Hardware stack levels used:    1
 Hardware stack levels required when called:    6
 This function calls:
		_EUSART1_Initialize
		_EUSART2_Initialize
		_INTERRUPT_Initialize
		_OSCILLATOR_Initialize
		_PIN_MANAGER_Initialize
		_TMR1_Initialize
 This function is called by:
		_main
 This function uses a non-reentrant model


 *************** function _TMR1_Initialize *****************
 Defined at:
		line 64 in file "mcc_generated_files/tmr1.c"
 Parameters:    Size  Location     Type
		None
 Auto vars:     Size  Location     Type
		None
 Return value:  Size  Location     Type
                  1    wreg      void 
 Registers used:
		wreg, status,2, status,0, cstack
 Tracked objects:
		On entry : 
		On exit  : 
		Unchanged: 
 Data sizes:     COMRAM   BANK0   BANK1   BANK2   BANK3   BANK4   BANK5   BANK6   BANK7   BANK8   BANK9  BANK10  BANK11  BANK12  BANK13  BANK14
      Params:         0       0       0       0       0       0       0       0       0       0       0       0       0       0       0       0
      Locals:         0       0       0       0       0       0       0       0       0       0       0       0       0       0       0       0
      Temps:          2       0       0       0       0       0       0       0       0       0       0       0       0       0       0       0
      Totals:         2       0       0       0       0       0       0       0       0       0       0       0       0       0       0       0
Total ram usage:        2 bytes
 Hardware stack levels used:    1
 Hardware stack levels required when called:    5
 This function calls:
		_TMR1_SetInterruptHandler
 This function is called by:
		_SYSTEM_Initialize
 This function uses a non-reentrant model


 *************** function _TMR1_SetInterruptHandler *****************
 Defined at:
		line 185 in file "mcc_generated_files/tmr1.c"
 Parameters:    Size  Location     Type
  InterruptHan    3   20[COMRAM] PTR FTN()void 
		 -> TMR1_DefaultInterruptHandler(1), 
 Auto vars:     Size  Location     Type
		None
 Return value:  Size  Location     Type
                  1    wreg      void 
 Registers used:
		wreg, status,2, status,0
 Tracked objects:
		On entry : 
		On exit  : 
		Unchanged: 
 Data sizes:     COMRAM   BANK0   BANK1   BANK2   BANK3   BANK4   BANK5   BANK6   BANK7   BANK8   BANK9  BANK10  BANK11  BANK12  BANK13  BANK14
      Params:         3       0       0       0       0       0       0       0       0       0       0       0       0       0       0       0
      Locals:         0       0       0       0       0       0       0       0       0       0       0       0       0       0       0       0
      Temps:          0       0       0       0       0       0       0       0       0       0       0       0       0       0       0       0
      Totals:         3       0       0       0       0       0       0       0       0       0       0       0       0       0       0       0
Total ram usage:        3 bytes
 Hardware stack levels used:    1
 Hardware stack levels required when called:    4
 This function calls:
		Nothing
 This function is called by:
		_TMR1_Initialize
 This function uses a non-reentrant model


 *************** function _PIN_MANAGER_Initialize *****************
 Defined at:
		line 57 in file "mcc_generated_files/pin_manager.c"
 Parameters:    Size  Location     Type
		None
 Auto vars:     Size  Location     Type
		None
 Return value:  Size  Location     Type
                  1    wreg      void 
 Registers used:
		wreg, status,2
 Tracked objects:
		On entry : 
		On exit  : 
		Unchanged: 
 Data sizes:     COMRAM   BANK0   BANK1   BANK2   BANK3   BANK4   BANK5   BANK6   BANK7   BANK8   BANK9  BANK10  BANK11  BANK12  BANK13  BANK14
      Params:         0       0       0       0       0       0       0       0       0       0       0       0       0       0       0       0
      Locals:         0       0       0       0       0       0       0       0       0       0       0       0       0       0       0       0
      Temps:          0       0       0       0       0       0       0       0       0       0       0       0       0       0       0       0
      Totals:         0       0       0       0       0       0       0       0       0       0       0       0       0       0       0       0
Total ram usage:        0 bytes
 Hardware stack levels used:    1
 Hardware stack levels required when called:    4
 This function calls:
		Nothing
 This function is called by:
		_SYSTEM_Initialize
 This function uses a non-reentrant model


 *************** function _OSCILLATOR_Initialize *****************
 Defined at:
		line 61 in file "mcc_generated_files/mcc.c"
 Parameters:    Size  Location     Type
		None
 Auto vars:     Size  Location     Type
		None
 Return value:  Size  Location     Type
                  1    wreg      void 
 Registers used:
		wreg, status,2
 Tracked objects:
		On entry : 
		On exit  : 
		Unchanged: 
 Data sizes:     COMRAM   BANK0   BANK1   BANK2   BANK3   BANK4   BANK5   BANK6   BANK7   BANK8   BANK9  BANK10  BANK11  BANK12  BANK13  BANK14
      Params:         0       0       0       0       0       0       0       0       0       0       0       0       0       0       0       0
      Locals:         0       0       0       0       0       0       0       0       0       0       0       0       0       0       0       0
      Temps:          0       0       0       0       0       0       0       0       0       0       0       0       0       0       0       0
      Totals:         0       0       0       0       0       0       0       0       0       0       0       0       0       0       0       0
Total ram usage:        0 bytes
 Hardware stack levels used:    1
 Hardware stack levels required when called:    4
 This function calls:
		Nothing
 This function is called by:
		_SYSTEM_Initialize
 This function uses a non-reentrant model


 *************** function _INTERRUPT_Initialize *****************
 Defined at:
		line 52 in file "mcc_generated_files/interrupt_manager.c"
 Parameters:    Size  Location     Type
		None
 Auto vars:     Size  Location     Type
		None
 Return value:  Size  Location     Type
                  1    wreg      void 
 Registers used:
		None
 Tracked objects:
		On entry : 
		On exit  : 
		Unchanged: 
 Data sizes:     COMRAM   BANK0   BANK1   BANK2   BANK3   BANK4   BANK5   BANK6   BANK7   BANK8   BANK9  BANK10  BANK11  BANK12  BANK13  BANK14
      Params:         0       0       0       0       0       0       0       0       0       0       0       0       0       0       0       0
      Locals:         0       0       0       0       0       0       0       0       0       0       0       0       0       0       0       0
      Temps:          0       0       0       0       0       0       0       0       0       0       0       0       0       0       0       0
      Totals:         0       0       0       0       0       0       0       0       0       0       0       0       0       0       0       0
Total ram usage:        0 bytes
 Hardware stack levels used:    1
 Hardware stack levels required when called:    4
 This function calls:
		Nothing
 This function is called by:
		_SYSTEM_Initialize
 This function uses a non-reentrant model


 *************** function _EUSART2_Initialize *****************
 Defined at:
		line 56 in file "mcc_generated_files/eusart2.c"
 Parameters:    Size  Location     Type
		None
 Auto vars:     Size  Location     Type
		None
 Return value:  Size  Location     Type
                  1    wreg      void 
 Registers used:
		wreg, status,2
 Tracked objects:
		On entry : 
		On exit  : 
		Unchanged: 
 Data sizes:     COMRAM   BANK0   BANK1   BANK2   BANK3   BANK4   BANK5   BANK6   BANK7   BANK8   BANK9  BANK10  BANK11  BANK12  BANK13  BANK14
      Params:         0       0       0       0       0       0       0       0       0       0       0       0       0       0       0       0
      Locals:         0       0       0       0       0       0       0       0       0       0       0       0       0       0       0       0
      Temps:          0       0       0       0       0       0       0       0       0       0       0       0       0       0       0       0
      Totals:         0       0       0       0       0       0       0       0       0       0       0       0       0       0       0       0
Total ram usage:        0 bytes
 Hardware stack levels used:    1
 Hardware stack levels required when called:    4
 This function calls:
		Nothing
 This function is called by:
		_SYSTEM_Initialize
 This function uses a non-reentrant model


 *************** function _EUSART1_Initialize *****************
 Defined at:
		line 75 in file "mcc_generated_files/eusart1.c"
 Parameters:    Size  Location     Type
		None
 Auto vars:     Size  Location     Type
		None
 Return value:  Size  Location     Type
                  1    wreg      void 
 Registers used:
		wreg, status,2, status,0, cstack
 Tracked objects:
		On entry : 
		On exit  : 
		Unchanged: 
 Data sizes:     COMRAM   BANK0   BANK1   BANK2   BANK3   BANK4   BANK5   BANK6   BANK7   BANK8   BANK9  BANK10  BANK11  BANK12  BANK13  BANK14
      Params:         0       0       0       0       0       0       0       0       0       0       0       0       0       0       0       0
      Locals:         0       0       0       0       0       0       0       0       0       0       0       0       0       0       0       0
      Temps:          0       0       0       0       0       0       0       0       0       0       0       0       0       0       0       0
      Totals:         0       0       0       0       0       0       0       0       0       0       0       0       0       0       0       0
Total ram usage:        0 bytes
 Hardware stack levels used:    1
 Hardware stack levels required when called:    5
 This function calls:
		_EUSART1_SetRxInterruptHandler
		_EUSART1_SetTxInterruptHandler
 This function is called by:
		_SYSTEM_Initialize
 This function uses a non-reentrant model


 *************** function _EUSART1_SetTxInterruptHandler *****************
 Defined at:
		line 220 in file "mcc_generated_files/eusart1.c"
 Parameters:    Size  Location     Type
  interruptHan    3   20[COMRAM] PTR FTN()void 
		 -> EUSART1_Transmit_ISR(1), 
 Auto vars:     Size  Location     Type
		None
 Return value:  Size  Location     Type
                  1    wreg      void 
 Registers used:
		wreg, status,2, status,0
 Tracked objects:
		On entry : 
		On exit  : 
		Unchanged: 
 Data sizes:     COMRAM   BANK0   BANK1   BANK2   BANK3   BANK4   BANK5   BANK6   BANK7   BANK8   BANK9  BANK10  BANK11  BANK12  BANK13  BANK14
      Params:         3       0       0       0       0       0       0       0       0       0       0       0       0       0       0       0
      Locals:         0       0       0       0       0       0       0       0       0       0       0       0       0       0       0       0
      Temps:          0       0       0       0       0       0       0       0       0       0       0       0       0       0       0       0
      Totals:         3       0       0       0       0       0       0       0       0       0       0       0       0       0       0       0
Total ram usage:        3 bytes
 Hardware stack levels used:    1
 Hardware stack levels required when called:    4
 This function calls:
		Nothing
 This function is called by:
		_EUSART1_Initialize
 This function uses a non-reentrant model


 *************** function _EUSART1_SetRxInterruptHandler *****************
 Defined at:
		line 224 in file "mcc_generated_files/eusart1.c"
 Parameters:    Size  Location     Type
  interruptHan    3   20[COMRAM] PTR FTN()void 
		 -> EUSART1_Receive_ISR(1), 
 Auto vars:     Size  Location     Type
		None
 Return value:  Size  Location     Type
                  1    wreg      void 
 Registers used:
		wreg, status,2, status,0
 Tracked objects:
		On entry : 
		On exit  : 
		Unchanged: 
 Data sizes:     COMRAM   BANK0   BANK1   BANK2   BANK3   BANK4   BANK5   BANK6   BANK7   BANK8   BANK9  BANK10  BANK11  BANK12  BANK13  BANK14
      Params:         3       0       0       0       0       0       0       0       0       0       0       0       0       0       0       0
      Locals:         0       0       0       0       0       0       0       0       0       0       0       0       0       0       0       0
      Temps:          0       0       0       0       0       0       0       0       0       0       0       0       0       0       0       0
      Totals:         3       0       0       0       0       0       0       0       0       0       0       0       0       0       0       0
Total ram usage:        3 bytes
 Hardware stack levels used:    1
 Hardware stack levels required when called:    4
 This function calls:
		Nothing
 This function is called by:
		_EUSART1_Initialize
 This function uses a non-reentrant model


 *************** function _INTERRUPT_InterruptManager *****************
 Defined at:
		line 58 in file "mcc_generated_files/interrupt_manager.c"
 Parameters:    Size  Location     Type
		None
 Auto vars:     Size  Location     Type
		None
 Return value:  Size  Location     Type
                  1    wreg      void 
 Registers used:
		wreg, fsr2l, fsr2h, status,2, status,0, pclath, tosl, prodl, prodh, cstack
 Tracked objects:
		On entry : 
		On exit  : 
		Unchanged: 
 Data sizes:     COMRAM   BANK0   BANK1   BANK2   BANK3   BANK4   BANK5   BANK6   BANK7   BANK8   BANK9  BANK10  BANK11  BANK12  BANK13  BANK14
      Params:         0       0       0       0       0       0       0       0       0       0       0       0       0       0       0       0
      Locals:         0       0       0       0       0       0       0       0       0       0       0       0       0       0       0       0
      Temps:         18       0       0       0       0       0       0       0       0       0       0       0       0       0       0       0
      Totals:        18       0       0       0       0       0       0       0       0       0       0       0       0       0       0       0
Total ram usage:       18 bytes
 Hardware stack levels used:    1
 Hardware stack levels required when called:    3
 This function calls:
		Absolute function
		_EUSART1_Receive_ISR
		_EUSART1_Transmit_ISR
		_TMR1_ISR
 This function is called by:
		Interrupt level 2
 This function uses a non-reentrant model


 *************** function _TMR1_ISR *****************
 Defined at:
		line 157 in file "mcc_generated_files/tmr1.c"
 Parameters:    Size  Location     Type
		None
 Auto vars:     Size  Location     Type
		None
 Return value:  Size  Location     Type
                  1    wreg      void 
 Registers used:
		wreg, status,2, status,0, pclath, tosl, cstack
 Tracked objects:
		On entry : 
		On exit  : 
		Unchanged: 
 Data sizes:     COMRAM   BANK0   BANK1   BANK2   BANK3   BANK4   BANK5   BANK6   BANK7   BANK8   BANK9  BANK10  BANK11  BANK12  BANK13  BANK14
      Params:         0       0       0       0       0       0       0       0       0       0       0       0       0       0       0       0
      Locals:         0       0       0       0       0       0       0       0       0       0       0       0       0       0       0       0
      Temps:          0       0       0       0       0       0       0       0       0       0       0       0       0       0       0       0
      Totals:         0       0       0       0       0       0       0       0       0       0       0       0       0       0       0       0
Total ram usage:        0 bytes
 Hardware stack levels used:    1
 Hardware stack levels required when called:    2
 This function calls:
		_TMR1_CallBack
		_TMR1_WriteTimer
 This function is called by:
		_INTERRUPT_InterruptManager
 This function uses a non-reentrant model


 *************** function _TMR1_WriteTimer *****************
 Defined at:
		line 120 in file "mcc_generated_files/tmr1.c"
 Parameters:    Size  Location     Type
  timerVal        2    0[COMRAM] unsigned int 
 Auto vars:     Size  Location     Type
		None
 Return value:  Size  Location     Type
                  1    wreg      void 
 Registers used:
		wreg, status,2
 Tracked objects:
		On entry : 
		On exit  : 
		Unchanged: 
 Data sizes:     COMRAM   BANK0   BANK1   BANK2   BANK3   BANK4   BANK5   BANK6   BANK7   BANK8   BANK9  BANK10  BANK11  BANK12  BANK13  BANK14
      Params:         2       0       0       0       0       0       0       0       0       0       0       0       0       0       0       0
      Locals:         0       0       0       0       0       0       0       0       0       0       0       0       0       0       0       0
      Temps:          0       0       0       0       0       0       0       0       0       0       0       0       0       0       0       0
      Totals:         2       0       0       0       0       0       0       0       0       0       0       0       0       0       0       0
Total ram usage:        2 bytes
 Hardware stack levels used:    1
 This function calls:
		Nothing
 This function is called by:
		_TMR1_ISR
		_TMR1_Reload
 This function uses a non-reentrant model


 *************** function _TMR1_CallBack *****************
 Defined at:
		line 176 in file "mcc_generated_files/tmr1.c"
 Parameters:    Size  Location     Type
		None
 Auto vars:     Size  Location     Type
		None
 Return value:  Size  Location     Type
                  1    wreg      void 
 Registers used:
		wreg, status,2, status,0, pclath, tosl, cstack
 Tracked objects:
		On entry : 
		On exit  : 
		Unchanged: 
 Data sizes:     COMRAM   BANK0   BANK1   BANK2   BANK3   BANK4   BANK5   BANK6   BANK7   BANK8   BANK9  BANK10  BANK11  BANK12  BANK13  BANK14
      Params:         0       0       0       0       0       0       0       0       0       0       0       0       0       0       0       0
      Locals:         0       0       0       0       0       0       0       0       0       0       0       0       0       0       0       0
      Temps:          0       0       0       0       0       0       0       0       0       0       0       0       0       0       0       0
      Totals:         0       0       0       0       0       0       0       0       0       0       0       0       0       0       0       0
Total ram usage:        0 bytes
 Hardware stack levels used:    1
 Hardware stack levels required when called:    1
 This function calls:
		Absolute function
		_TMR1_DefaultInterruptHandler
 This function is called by:
		_TMR1_ISR
 This function uses a non-reentrant model


 *************** function _TMR1_DefaultInterruptHandler *****************
 Defined at:
		line 189 in file "mcc_generated_files/tmr1.c"
 Parameters:    Size  Location     Type
		None
 Auto vars:     Size  Location     Type
		None
 Return value:  Size  Location     Type
                  1    wreg      void 
 Registers used:
		None
 Tracked objects:
		On entry : 
		On exit  : 
		Unchanged: 
 Data sizes:     COMRAM   BANK0   BANK1   BANK2   BANK3   BANK4   BANK5   BANK6   BANK7   BANK8   BANK9  BANK10  BANK11  BANK12  BANK13  BANK14
      Params:         0       0       0       0       0       0       0       0       0       0       0       0       0       0       0       0
      Locals:         0       0       0       0       0       0       0       0       0       0       0       0       0       0       0       0
      Temps:          0       0       0       0       0       0       0       0       0       0       0       0       0       0       0       0
      Totals:         0       0       0       0       0       0       0       0       0       0       0       0       0       0       0       0
Total ram usage:        0 bytes
 Hardware stack levels used:    1
 This function calls:
		Nothing
 This function is called by:
		_TMR1_Initialize
		_TMR1_CallBack
 This function uses a non-reentrant model


 *************** function _EUSART1_Transmit_ISR *****************
 Defined at:
		line 181 in file "mcc_generated_files/eusart1.c"
 Parameters:    Size  Location     Type
		None
 Auto vars:     Size  Location     Type
		None
 Return value:  Size  Location     Type
                  1    wreg      void 
 Registers used:
		wreg, fsr2l, fsr2h, status,2, status,0, prodl, prodh
 Tracked objects:
		On entry : 
		On exit  : 
		Unchanged: 
 Data sizes:     COMRAM   BANK0   BANK1   BANK2   BANK3   BANK4   BANK5   BANK6   BANK7   BANK8   BANK9  BANK10  BANK11  BANK12  BANK13  BANK14
      Params:         0       0       0       0       0       0       0       0       0       0       0       0       0       0       0       0
      Locals:         0       0       0       0       0       0       0       0       0       0       0       0       0       0       0       0
      Temps:          0       0       0       0       0       0       0       0       0       0       0       0       0       0       0       0
      Totals:         0       0       0       0       0       0       0       0       0       0       0       0       0       0       0       0
Total ram usage:        0 bytes
 Hardware stack levels used:    1
 This function calls:
		Nothing
 This function is called by:
		_EUSART1_Initialize
		_INTERRUPT_InterruptManager
 This function uses a non-reentrant model


 *************** function _EUSART1_Receive_ISR *****************
 Defined at:
		line 200 in file "mcc_generated_files/eusart1.c"
 Parameters:    Size  Location     Type
		None
 Auto vars:     Size  Location     Type
		None
 Return value:  Size  Location     Type
                  1    wreg      void 
 Registers used:
		wreg, fsr2l, fsr2h, status,2, status,0, prodl, prodh
 Tracked objects:
		On entry : 
		On exit  : 
		Unchanged: 
 Data sizes:     COMRAM   BANK0   BANK1   BANK2   BANK3   BANK4   BANK5   BANK6   BANK7   BANK8   BANK9  BANK10  BANK11  BANK12  BANK13  BANK14
      Params:         0       0       0       0       0       0       0       0       0       0       0       0       0       0       0       0
      Locals:         0       0       0       0       0       0       0       0       0       0       0       0       0       0       0       0
      Temps:          0       0       0       0       0       0       0       0       0       0       0       0       0       0       0       0
      Totals:         0       0       0       0       0       0       0       0       0       0       0       0       0       0       0       0
Total ram usage:        0 bytes
 Hardware stack levels used:    1
 This function calls:
		Nothing
 This function is called by:
		_EUSART1_Initialize
		_INTERRUPT_InterruptManager
 This function uses a non-reentrant model



MODULE INFORMATION

Module		Function		Class		Link	Load	Size
/Applications/microchip/xc8/v1.45/sources/common/memset.c
		_memset        		CODE           	0412	0000	45

/Applications/microchip/xc8/v1.45/sources/common/memset.c estimated size: 45

mcc_generated_files/eusart2.c
		_EUSART2_Write 		CODE           	0578	0000	17
		_EUSART2_is_tx_ready		CODE           	0566	0000	19
		_EUSART2_Initialize		CODE           	053C	0000	23

mcc_generated_files/eusart2.c estimated size: 59

mcc_generated_files/interrupt_manager.c
		_INTERRUPT_Initialize		CODE           	05B2	0000	5
		_INTERRUPT_InterruptManager		CODE           	0008	0000	221

mcc_generated_files/interrupt_manager.c estimated size: 226

mcc_generated_files/pin_manager.c
		_PIN_MANAGER_Initialize		CODE           	0336	0000	69

mcc_generated_files/pin_manager.c estimated size: 69

/Applications/microchip/xc8/v1.45/sources/common/memcpy.c
		_memcpy        		CODE           	028C	0000	87

/Applications/microchip/xc8/v1.45/sources/common/memcpy.c estimated size: 87

/Applications/microchip/xc8/v1.45/sources/common/Umul16.c
		___wmul        		CODE           	04BE	0000	39

/Applications/microchip/xc8/v1.45/sources/common/Umul16.c estimated size: 39

shared
		__initialization		CODE           	03B6	0000	37

shared estimated size: 37

mcc_generated_files/eusart1.c
		_EUSART1_SetRxInterruptHandler		CODE           	05A4	0000	15
		_EUSART1_SetTxInterruptHandler		CODE           	0596	0000	15
		_EUSART1_Initialize		CODE           	02E2	0000	85
		_EUSART1_Receive_ISR		CODE           	046A	0000	45
		_EUSART1_Transmit_ISR		CODE           	03E4	0000	47

mcc_generated_files/eusart1.c estimated size: 207

mcc_generated_files/mcc.c
		_OSCILLATOR_Initialize		CODE           	0552	0000	21
		_SYSTEM_Initialize		CODE           	0522	0000	27

mcc_generated_files/mcc.c estimated size: 48

mcc_generated_files/tmr1.c
		_TMR1_Initialize		CODE           	037A	0000	61
		_TMR1_SetInterruptHandler		CODE           	0588	0000	15
		_TMR1_DefaultInterruptHandler		CODE           	05B6	0000	3
		_TMR1_CallBack 		CODE           	04E4	0000	35
		_TMR1_WriteTimer		CODE           	0506	0000	29
		_TMR1_ISR      		CODE           	043E	0000	45

mcc_generated_files/tmr1.c estimated size: 188

main.c
		_send_data     		CODE           	00E8	0000	153
		_main          		CODE           	0496	0000	41
		_loadFrame     		CODE           	020C	0000	129
		_frame_init    		CODE           	0180	0000	141

main.c estimated size: 464

