Microchip MPLAB XC8 Compiler V1.45 ()

Linker command line:

-W-3 --edf=/Applications/microchip/xc8/v1.45/dat/en_msgs.txt -cs \
  -h+dist/default/production/ChoobMatrix.X.production.sym \
  --cmf=dist/default/production/ChoobMatrix.X.production.cmf -z -Q16F722A \
  -o/tmp/xcFyvHIWJ -Mdist/default/production/ChoobMatrix.X.production.map \
  -E1 -ver=XC8 -ASTACK=036h-06fh -pstack=STACK -ACODE=00h-07FFh \
  -ASTRCODE=00h-07FFh -ASTRING=00h-0FFhx8 -ACONST=00h-0FFhx8 \
  -AENTRY=00h-0FFhx8 -ACOMMON=070h-07Fh -ABANK0=020h-06Fh -ABANK1=0A0h-0BFh \
  -ARAM=020h-06Fh,0A0h-0BFh -AABS1=020h-07Fh,0A0h-0BFh -ASFR0=00h-01Fh \
  -ASFR1=080h-09Fh -ASFR2=0100h-016Fh -ASFR3=0180h-01EFh \
  -preset_vec=00h,intentry,init,end_init -ppowerup=CODE -pcinit=CODE \
  -pfunctab=ENTRY -ACONFIG=02007h-02008h -pconfig=CONFIG -DCONFIG=2 \
  -AIDLOC=02000h-02003h -pidloc=IDLOC -DIDLOC=2 -DCODE=2 -DSTRCODE=2 \
  -DSTRING=2 -DCONST=2 -DENTRY=2 -k /tmp/xcZwTUgjI.obj \
  dist/default/production/ChoobMatrix.X.production.obj 

Object code version is 3.11

Machine type is 16F722A



                Name                               Link     Load   Length Selector   Space Scale
/tmp/xcZwTUgjI.obj
                end_init                              0        0        1        0       0
dist/default/production/ChoobMatrix.X.production.obj
                cinit                               7F9      7F9        7      FF2       0
                text4                               7B0      7B0       1B      E24       0
                swtext1                               1        1        5        2       0
                text3                               795      795       1B      E24       0
                text2                               712      712       62      E24       0
                text1                               774      774       21      E24       0
                maintext                            7D3      7D3        6      E24       0
                cstackCOMMON                         70       70        7       70       1
                clrtext                             7CB      7CB        8      E24       0
                bssBANK0                             20       20       16       20       1
                stringtext                          600      600      112        C       0

TOTAL           Name                               Link     Load   Length     Space
        CLASS   STACK          

        CLASS   CODE           
                end_init                              0        0        1         0
                cinit                               7F9      7F9        7         0
                text4                               7B0      7B0       1B         0
                text3                               795      795       1B         0
                text2                               712      712       62         0
                text1                               774      774       21         0
                maintext                            7D3      7D3        6         0
                clrtext                             7CB      7CB        8         0

        CLASS   STRCODE        
                stringtext                          600      600      112         0

        CLASS   STRING         

        CLASS   CONST          
                swtext1                               1        1        5         0

        CLASS   ENTRY          

        CLASS   COMMON         
                cstackCOMMON                         70       70        7         1

        CLASS   BANK0          
                bssBANK0                             20       20       16         1

        CLASS   BANK1          

        CLASS   RAM            

        CLASS   ABS1           
                abs_s1                               7E       7E        2         1

        CLASS   SFR0           

        CLASS   SFR1           

        CLASS   SFR2           

        CLASS   SFR3           

        CLASS   CONFIG         

        CLASS   IDLOC          

        CLASS   BANK3          

        CLASS   BANK2          

        CLASS   EEDATA         



SEGMENTS        Name                           Load    Length   Top    Selector   Space  Class     Delta

                reset_vec                      000000  000001  000001         0       0  CODE        2
                swtext1                        000001  000005  000006         2       0  CONST       2
                bssBANK0                       000020  000016  000036        20       1  BANK0       1
                cstackCOMMON                   000070  000007  000077        70       1  COMMON      1
                stringtext                     000600  000112  000712         C       0  STRCODE     2
                text2                          000712  0000C7  0007D9       E24       0  CODE        2
                cinit                          0007F9  000007  000800       FF2       0  CODE        2


UNUSED ADDRESS RANGES

        Name                Unused          Largest block    Delta
        BANK0            0036-006F             3A           1
        BANK1            00A0-00BF             20           1
        CODE             0006-05FF            5FA           2
                         07D9-07F8             20
        COMMON           0077-007D              7           1
        CONFIG           2007-2008              2           2
        CONST            0006-05FF            100           2
                         07D9-07F8             20
        ENTRY            0006-05FF            100           2
                         07D9-07F8             20
        IDLOC            2000-2003              4           2
        RAM              0036-006F             3A           1
                         00A0-00BF             20
        SFR0             0000-001F             20           1
        SFR1             0080-009F             20           1
        SFR2             0100-016F             70           1
        SFR3             0180-01EF             70           1
        STACK            0036-006F             3A           1
        STRCODE          0006-05FF            5FA           2
                         07D9-07F8             20
        STRING           0006-05FF            100           2
                         07D9-07F8             20

                                  Symbol Table

_ASCII7SEG               stringtext   0612
_PORTAbits               (abs)        0005
_PORTBbits               (abs)        0006
_PORTCbits               (abs)        0007
_TRISAbits               (abs)        0085
_TRISBbits               (abs)        0086
_TRISCbits               (abs)        0087
_TXSTAbits               (abs)        0098
__Habs1                  abs1         0000
__Hbank0                 bank0        0000
__Hbank1                 bank1        0000
__Hbank2                 bank2        0000
__Hbank3                 bank3        0000
__HbssBANK0              bssBANK0     0000
__Hcinit                 cinit        0800
__Hclrtext               clrtext      0000
__Hcode                  code         0000
__Hcommon                common       0000
__Hconfig                config       0000
__HcstackCOMMON          cstackCOMMON 0000
__Heeprom_data           eeprom_data  0000
__Hend_init              end_init     0001
__Hfunctab               functab      0000
__Hidloc                 idloc        0000
__Hinit                  init         0000
__Hintentry              intentry     0000
__Hmaintext              maintext     0000
__Hpowerup               powerup      0000
__Hram                   ram          0000
__Hreset_vec             reset_vec    0000
__Hsfr0                  sfr0         0000
__Hsfr1                  sfr1         0000
__Hsfr2                  sfr2         0000
__Hsfr3                  sfr3         0000
__Hspace_0               (abs)        0800
__Hspace_1               (abs)        0077
__Hspace_2               (abs)        0000
__Hspace_3               (abs)        0000
__Hstack                 stack        0000
__Hstrings               strings      0000
__Hstringtext            stringtext   0000
__Htext                  text         0000
__Labs1                  abs1         0000
__Lbank0                 bank0        0000
__Lbank1                 bank1        0000
__Lbank2                 bank2        0000
__Lbank3                 bank3        0000
__LbssBANK0              bssBANK0     0000
__Lcinit                 cinit        07F9
__Lclrtext               clrtext      0000
__Lcode                  code         0000
__Lcommon                common       0000
__Lconfig                config       0000
__LcstackCOMMON          cstackCOMMON 0000
__Leeprom_data           eeprom_data  0000
__Lend_init              end_init     0000
__Lfunctab               functab      0000
__Lidloc                 idloc        0000
__Linit                  init         0000
__Lintentry              intentry     0000
__Lmaintext              maintext     0000
__Lpowerup               powerup      0000
__Lram                   ram          0000
__Lreset_vec             reset_vec    0000
__Lsfr0                  sfr0         0000
__Lsfr1                  sfr1         0000
__Lsfr2                  sfr2         0000
__Lsfr3                  sfr3         0000
__Lspace_0               (abs)        0000
__Lspace_1               (abs)        0000
__Lspace_2               (abs)        0000
__Lspace_3               (abs)        0000
__Lstack                 stack        0000
__Lstrings               strings      0000
__Lstringtext            stringtext   0000
__Ltext                  text         0000
__S0                     (abs)        0800
__S1                     (abs)        0077
__S2                     (abs)        0000
___int_sp                stack        0000
___latbits               (abs)        0000
___sp                    stack        0000
__end_of_ASCII7SEG       stringtext   0712
__end_of__initialization cinit        07FE
__end_of__stringtab      stringtext   0612
__end_of_enableDigit     text3        07B0
__end_of_gpio_init       text4        07CB
__end_of_main            maintext     07D9
__end_of_muxDigit        text2        0774
__end_of_processDisplay  text1        0795
__initialization         cinit        07F9
__pbssBANK0              bssBANK0     0020
__pcstackCOMMON          cstackCOMMON 0070
__pmaintext              maintext     07D3
__pstringtext            stringtext   0600
__pswtext1               swtext1      0001
__ptext1                 text1        0774
__ptext2                 text2        0712
__ptext3                 text3        0795
__ptext4                 text4        07B0
__size_of_enableDigit    (abs)        0000
__size_of_gpio_init      (abs)        0000
__size_of_main           (abs)        0000
__size_of_muxDigit       (abs)        0000
__size_of_processDisplay (abs)        0000
__stringbase             stringtext   0612
__stringtab              stringtext   0600
_enableDigit             text3        0795
_gD                      bssBANK0     0020
_gpio_init               text4        07B0
_main                    maintext     07D3
_muxDigit                text2        0712
_processDisplay          text1        0774
btemp                    (abs)        007E
clear_ram0               clrtext      07CB
enableDigit@pos          cstackCOMMON 0070
end_of_initialization    cinit        07FE
intlevel0                functab      0000
intlevel1                functab      0000
intlevel2                functab      0000
intlevel3                functab      0000
intlevel4                functab      0000
intlevel5                functab      0000
muxDigit@d1              cstackCOMMON 0071
muxDigit@d2              cstackCOMMON 0070
reset_vec                reset_vec    0000
stackhi                  (abs)        0000
stacklo                  (abs)        0000
start                    init         0000
start_initialization     cinit        07F9
wtemp0                   (abs)        007E


FUNCTION INFORMATION:

 *************** function _main *****************
 Defined at:
		line 55 in file "main.c"
 Parameters:    Size  Location     Type
  argc            2    3[COMMON] int 
  argv            2    5[COMMON] PTR PTR unsigned char 
 Auto vars:     Size  Location     Type
		None
 Return value:  Size  Location     Type
                  2    3[COMMON] int 
 Registers used:
		wreg, fsr0l, fsr0h, status,2, status,0, pclath, cstack
 Tracked objects:
		On entry : 
		On exit  : 
		Unchanged: 
 Data sizes:     COMMON   BANK0   BANK1
      Params:         4       0       0
      Locals:         0       0       0
      Temps:          0       0       0
      Totals:         4       0       0
Total ram usage:        4 bytes
 Hardware stack levels required when called:    2
 This function calls:
		_gpio_init
		_processDisplay
 This function is called by:
		Startup code after reset
 This function uses a non-reentrant model


 *************** function _processDisplay *****************
 Defined at:
		line 113 in file "displaydriver.c"
 Parameters:    Size  Location     Type
		None
 Auto vars:     Size  Location     Type
		None
 Return value:  Size  Location     Type
                  1    wreg      void 
 Registers used:
		wreg, fsr0l, fsr0h, status,2, status,0, pclath, cstack
 Tracked objects:
		On entry : 
		On exit  : 
		Unchanged: 
 Data sizes:     COMMON   BANK0   BANK1
      Params:         0       0       0
      Locals:         0       0       0
      Temps:          1       0       0
      Totals:         1       0       0
Total ram usage:        1 bytes
 Hardware stack levels used:    1
 Hardware stack levels required when called:    1
 This function calls:
		_enableDigit
		_muxDigit
 This function is called by:
		_main
 This function uses a non-reentrant model


 *************** function _muxDigit *****************
 Defined at:
		line 76 in file "displaydriver.c"
 Parameters:    Size  Location     Type
  d1              1    wreg     unsigned char 
  d2              1    0[COMMON] unsigned char 
 Auto vars:     Size  Location     Type
  d1              1    1[COMMON] unsigned char 
 Return value:  Size  Location     Type
                  1    wreg      void 
 Registers used:
		wreg, status,2, status,0
 Tracked objects:
		On entry : 
		On exit  : 
		Unchanged: 
 Data sizes:     COMMON   BANK0   BANK1
      Params:         1       0       0
      Locals:         1       0       0
      Temps:          0       0       0
      Totals:         2       0       0
Total ram usage:        2 bytes
 Hardware stack levels used:    1
 This function calls:
		Nothing
 This function is called by:
		_processDisplay
 This function uses a non-reentrant model


 *************** function _enableDigit *****************
 Defined at:
		line 52 in file "displaydriver.c"
 Parameters:    Size  Location     Type
  pos             1    wreg     unsigned char 
 Auto vars:     Size  Location     Type
  pos             1    0[COMMON] unsigned char 
 Return value:  Size  Location     Type
                  1    wreg      void 
 Registers used:
		wreg, fsr0l, fsr0h, status,2, status,0
 Tracked objects:
		On entry : 
		On exit  : 
		Unchanged: 
 Data sizes:     COMMON   BANK0   BANK1
      Params:         0       0       0
      Locals:         1       0       0
      Temps:          0       0       0
      Totals:         1       0       0
Total ram usage:        1 bytes
 Hardware stack levels used:    1
 This function calls:
		Nothing
 This function is called by:
		_processDisplay
 This function uses a non-reentrant model


 *************** function _gpio_init *****************
 Defined at:
		line 22 in file "main.c"
 Parameters:    Size  Location     Type
		None
 Auto vars:     Size  Location     Type
		None
 Return value:  Size  Location     Type
                  1    wreg      void 
 Registers used:
		None
 Tracked objects:
		On entry : 
		On exit  : 
		Unchanged: 
 Data sizes:     COMMON   BANK0   BANK1
      Params:         0       0       0
      Locals:         0       0       0
      Temps:          0       0       0
      Totals:         0       0       0
Total ram usage:        0 bytes
 Hardware stack levels used:    1
 This function calls:
		Nothing
 This function is called by:
		_main
 This function uses a non-reentrant model



MODULE INFORMATION

Module		Function		Class		Link	Load	Size
displaydriver.c
		_enableDigit   		CODE           	0795	0000	28
		_processDisplay		CODE           	0774	0000	34
		_muxDigit      		CODE           	0712	0000	99

displaydriver.c estimated size: 161

shared
		__stringtab    		STRCODE        	0600	0000	19
		_ASCII7SEG     		STRCODE        	0612	0000	257
		__initialization		CODE           	07F9	0000	6

shared estimated size: 282

main.c
		_main          		CODE           	07D3	0000	7
		_gpio_init     		CODE           	07B0	0000	28

main.c estimated size: 35

